==============================================================================
protection surface scan -- Q-8.2 (anti-debug) and Q-8.3 (anti-cheat)
==============================================================================
install root : None
inventory    : explicit-module-list (1 files)
build_id     : None

-- detector self-test ------------------------------------------------
  219/219 needles fired -> PASS

-- surface: filesystem-inventory ------------------------------------
  files examined              : 1
  middleware name matches     : 0
  kernel driver files (.sys)  : 0
  service-shaped executables  : 0

-- surface: PE modules ----------------------------------------------
  modules parsed              : 1
  protector section names     : 0
  middleware API offered by a bundled library : 0
  middleware symbols actually IMPORTED        : 0

  certificate blobs (SECURITY directory verified, not validated):
      tbbmalloc.dll                                                    blob=True  Epic Games Inc.0; Epic Games Inc.1; Maryland1

  TLS callback arrays:

-- surface: detection kit in import tables ---------------------------
  (low- and medium-weight entries are in the JSON with their benign
   explanation attached; they are NOT counted as protection)

-- surface: service / driver control ---------------------------------
  no module names any service-control or service-install API

-- surface: whole-install string pass -------------------------------
  files scanned : 0
  bytes scanned : 0
  hits          : 0

-- surface: broad vocabulary (counted, not interpreted) --------------
  absent entirely: ban, banned, bypass, bypassed, cheat, cheater, cheating, cheats, crack, cracked, debugger, debuggers, debugging, detected, hook, hooked, hooking, hooks, inject, injected, injection, integrity, tamper, tampered, tampering, violation

-- refutation probes -------------------------------------------------
  delimiter-discipline               ATTENTION
  needle-self-test                   PASS
  negative-control-module            PASS
  positive-control-string-surface    NOT RUN
  tls-callback-twins-in-other-modules NOT RUN
  tls-shape-control                  ATTENTION -- the shape is rare here

-- literal reads (class P) ------------------------------------------
  records: 0, reproduced through a second handle: True

==============================================================================
Q-8.3  UNKNOWN
    question: does this build carry an anti-cheat or another execution-protection layer?
    rule    : FOUND if any middleware file name, protector section name, service-install import, or IMPORT of a middleware protection symbol appears on any tested surface; UNKNOWN if a control probe failed; otherwise NOT FOUND WITHIN TESTED SURFACE. A middleware EXPORT in a bundled library is reported separately and does not on its own trigger FOUND -- a general-purpose SDK exports its whole API surface whether or not the game uses it
    tested surfaces  : filesystem-inventory, pe-sections, pe-imports, pe-exports, pe-tls, pe-headers, strings-modules
    untested surfaces: call-graph and control flow; container payloads; filesystem-inventory (whole installation); runtime behaviour; server-side enforcement; strings-whole-install; the Steam client layer outside the installation; the two TLS callbacks of each game executable

Q-8.2  UNKNOWN
    question: does this build carry anti-debug or anti-instrumentation logic?
    rule    : FOUND if a detection constant inside the primary scope, an obfuscated/protector section in ANY module, or a high-weight ACTIVE anti-debug import inside the primary scope is present; UNKNOWN if a control probe failed, or if high-weight probe APIs are present in the primary scope with no detection constant and no obfuscation; otherwise NOT FOUND WITHIN TESTED SURFACE
    tested surfaces  : filesystem-inventory, pe-sections, pe-imports, pe-exports, pe-tls, pe-headers, strings-modules
    untested surfaces: call-graph and control flow; container payloads; filesystem-inventory (whole installation); runtime behaviour; server-side enforcement; strings-whole-install; the Steam client layer outside the installation; the two TLS callbacks of each game executable

==============================================================================
instrumentation admissibility (plan.md section 8)
  stop condition triggered : False
  level 1 (external read-only inspector) admissible : False
  level 2 (in-process probe) admissible on this evidence : False
==============================================================================
